Microchip MPLAB XC8 Compiler V2.45

Linker command line:

-W-3 \
  --edf=C:\Program Files\Microchip\xc8\v2.45\pic\dat\20230818022343_en.msgs \
  -cn -h+dist/default/debug\MPLAPprojects.debug.sym \
  --cmf=dist/default/debug\MPLAPprojects.debug.cmf -z -Q18F4620 \
  -oC:\Users\MR_ALS~1\AppData\Local\Temp\xcAs6uo.\driver_tmp_3.o \
  --defsym=__MPLAB_BUILD=1 --fixupoverflow=error \
  -Mdist/default/debug/MPLAPprojects.debug.map \
  --md=C:\Users\MR_ALS~1\AppData\Local\Temp\xcAs6uo.\driver_tmp_0.dat -E1 \
  -ver=XC8 Compiler --acfsm=1493 -ACODE=00h-0FFFFh -ACONST=00h-0FFFFh \
  -ASMALLCONST=01000h-010FFhx240 -AMEDIUMCONST=01000h-0FFFFh \
  -ACOMRAM=01h-07Fh -AABS1=00h-0F7Fh -ABIGRAM=01h-0F7Fh \
  -ARAM=080h-0FFh,0100h-01FFhx14,0F00h-0F7Fh -ABANK0=080h-0FFh \
  -ABANK1=0100h-01FFh -ABANK2=0200h-02FFh -ABANK3=0300h-03FFh \
  -ABANK4=0400h-04FFh -ABANK5=0500h-05FFh -ABANK6=0600h-06FFh \
  -ABANK7=0700h-07FFh -ABANK8=0800h-08FFh -ABANK9=0900h-09FFh \
  -ABANK10=0A00h-0AFFh -ABANK11=0B00h-0BFFh -ABANK12=0C00h-0CFFh \
  -ABANK13=0D00h-0DFFh -ABANK14=0E00h-0EFFh -ABANK15=0F00h-0F7Fh \
  -ASFR=0F80h-0FFFh -ABIGSFR=0F80h-0FFFh -ACONFIG=0300000h-030000Dh \
  -AIDLOC=0200000h-0200007h -AEEDATA=0F00000h-0F003FFh -peeprom_data=EEDATA \
  -preset_vec=00h,intcode,intcodelo,powerup,init -pramtop=01000h \
  -psmallconst=SMALLCONST -pmediumconst=MEDIUMCONST -pconst=CONST \
  -AFARRAM=00h-00h \
  -prdata=COMRAM,nvrram=COMRAM,nvbit=COMRAM,rbss=COMRAM,rbit=COMRAM \
  -pfarbss=FARRAM,fardata=FARRAM,nvFARRAM=FARRAM \
  -pintsave_regs=BIGRAM,bigbss=BIGRAM,bigdata=BIGRAM -pbss=RAM \
  -pidata=CODE,irdata=CODE,ibigdata=CODE,ifardata=CODE -prparam=COMRAM \
  C:\Users\MR_ALS~1\AppData\Local\Temp\xcAs6uo.\driver_tmp_9.o \
  dist/default/debug\MPLAPprojects.debug.o 

Object code version is 3.11

Machine type is 18F4620



                Name                               Link     Load   Length Selector   Space Scale
C:\Users\MR_ALS~1\AppData\Local\Temp\xcAs6uo.\driver_tmp_9.o
                config                           300000   300000        E        0       4
                init                                  0        0        4        0       0
dist/default/debug\MPLAPprojects.debug.o
                config                           300000   300000        E        0       4
                smallconst                         1000     1000       12      800       0
                text11                             1A1A     1A1A       A8      809       0
                text10                             18B8     18B8       B2      809       0
                text9                              17F4     17F4       C4      809       0
                text8                              196A     196A       B0      809       0
                text7                              15C4     15C4      120      809       0
                text6                              1CBC     1CBC       28      809       0
                text5                              16E4     16E4      110      809       0
                text4                              1BB2     1BB2       50      809       0
                text3                              1C02     1C02       4C      809       0
                text2                              1AC2     1AC2       7A      809       0
                text1                              1B3C     1B3C       76      809       0
                text0                              1012     1012      5B2      809       0
                cstackCOMRAM                         50       50       11        1       1
                dataCOMRAM                            1        1       38        1       1
                bssCOMRAM                            39       39       17        1       1
                cinit                              1C86     1C86       36      809       0
                nvCOMRAM                             61       61        1        1       1
                idataCOMRAM                        1C4E     1C4E       38      809       0

TOTAL           Name                               Link     Load   Length     Space
        CLASS   CODE           
                init                                  0        0        4         0
                text11                             1A1A     1A1A       A8         0
                text10                             18B8     18B8       B2         0
                text9                              17F4     17F4       C4         0
                text8                              196A     196A       B0         0
                text7                              15C4     15C4      120         0
                text6                              1CBC     1CBC       28         0
                text5                              16E4     16E4      110         0
                text4                              1BB2     1BB2       50         0
                text3                              1C02     1C02       4C         0
                text2                              1AC2     1AC2       7A         0
                text1                              1B3C     1B3C       76         0
                text0                              1012     1012      5B2         0
                cinit                              1C86     1C86       36         0
                idataCOMRAM                        1C4E     1C4E       38         0

        CLASS   CONST          

        CLASS   SMALLCONST     
                smallconst                         1000     1000       12         0

        CLASS   MEDIUMCONST    

        CLASS   COMRAM         
                cstackCOMRAM                         50       50       11         1
                dataCOMRAM                            1        1       38         1
                bssCOMRAM                            39       39       17         1
                nvCOMRAM                             61       61        1         1

        CLASS   ABS1           

        CLASS   BIGRAM         

        CLASS   RAM            

        CLASS   BANK0          

        CLASS   BANK1          

        CLASS   BANK2          

        CLASS   BANK3          

        CLASS   BANK4          

        CLASS   BANK5          

        CLASS   BANK6          

        CLASS   BANK7          

        CLASS   BANK8          

        CLASS   BANK9          

        CLASS   BANK10         

        CLASS   BANK11         

        CLASS   BANK12         

        CLASS   BANK13         

        CLASS   BANK14         

        CLASS   BANK15         

        CLASS   SFR            

        CLASS   BIGSFR         

        CLASS   CONFIG         
                config                           300000   300000        E         4

        CLASS   IDLOC          

        CLASS   EEDATA         

        CLASS   FARRAM         

        CLASS   HEAP           

        CLASS   STACK          



SEGMENTS        Name                           Load    Length   Top    Selector   Space  Class

                reset_vec                      000000  000004  000004         0       0  CODE    
                dataCOMRAM                     000001  000061  000062         1       1  COMRAM  
                smallconst                     001000  000012  001012       800       0  SMALLCON
                text0                          001012  000CD2  001CE4       809       0  CODE    


UNUSED ADDRESS RANGES

        Name                Unused          Largest block    Delta
        BANK0            000080-0000FF               80
        BANK1            000100-0001FF              100
        BANK10           000A00-000AFF              100
        BANK11           000B00-000BFF              100
        BANK12           000C00-000CFF              100
        BANK13           000D00-000DFF              100
        BANK14           000E00-000EFF              100
        BANK15           000F00-000F7F               80
        BANK2            000200-0002FF              100
        BANK3            000300-0003FF              100
        BANK4            000400-0004FF              100
        BANK5            000500-0005FF              100
        BANK6            000600-0006FF              100
        BANK7            000700-0007FF              100
        BANK8            000800-0008FF              100
        BANK9            000900-0009FF              100
        BIGRAM           000062-000F7F              F1E
        BIGSFR           000F80-000FFF               80
        CODE             000004-000FFF              FFC
                         001CE4-00FFFF             E31C
        COMRAM           000062-00007F               1E
        CONST            000004-000FFF              FFC
                         001CE4-00FFFF             E31C
        EEDATA           F00000-F003FF              400
        IDLOC            200000-200007                8
        MEDIUMCONST      001CE4-00FFFF             E31C
        RAM              000080-000F7F              100
        SFR              000F80-000FFF               80
        SMALLCONST       001CE4-00FFFF              100

                                  Symbol Table

?___awdiv                                 cstackCOMRAM 000050
?___awmod                                 cstackCOMRAM 000050
Button_initialize@btn                     cstackCOMRAM 000056
Button_initialize@ret                     cstackCOMRAM 000057
Button_read@_st                           cstackCOMRAM 000059
Button_read@btn                           cstackCOMRAM 000058
Button_read@button_logic                  cstackCOMRAM 00005C
Button_read@ret                           cstackCOMRAM 00005B
Relay_initialize@F2890                    bssCOMRAM    00003E
Relay_turn_off@F2900                      bssCOMRAM    00003C
Relay_turn_on@F2895                       bssCOMRAM    00003D
_Button_initialize                        text6        001CBC
_Button_read                              text10       0018B8
_LATA                                     (abs)        000F89
_LATB                                     (abs)        000F8A
_LATC                                     (abs)        000F8B
_LATD                                     (abs)        000F8C
_LATE                                     (abs)        000F8D
_PORTA                                    (abs)        000F80
_PORTB                                    (abs)        000F81
_PORTC                                    (abs)        000F82
_PORTD                                    (abs)        000F83
_PORTE                                    (abs)        000F84
_TRISA                                    (abs)        000F92
_TRISB                                    (abs)        000F93
_TRISC                                    (abs)        000F94
_TRISD                                    (abs)        000F95
_TRISE                                    (abs)        000F96
__HRAM                                    (abs)        000000
__H__absolute__                           __absolute__ 000000
__Habs1                                   abs1         000000
__Hbank0                                  bank0        000000
__Hbank1                                  bank1        000000
__Hbank10                                 bank10       000000
__Hbank11                                 bank11       000000
__Hbank12                                 bank12       000000
__Hbank13                                 bank13       000000
__Hbank14                                 bank14       000000
__Hbank15                                 bank15       000000
__Hbank2                                  bank2        000000
__Hbank3                                  bank3        000000
__Hbank4                                  bank4        000000
__Hbank5                                  bank5        000000
__Hbank6                                  bank6        000000
__Hbank7                                  bank7        000000
__Hbank8                                  bank8        000000
__Hbank9                                  bank9        000000
__Hbigbss                                 bigbss       000000
__Hbigdata                                bigdata      000000
__Hbigram                                 bigram       000000
__Hbigsfr                                 bigsfr       000000
__Hbss                                    bss          000000
__HbssCOMRAM                              bssCOMRAM    000000
__Hcinit                                  cinit        000000
__Hclrtext                                clrtext      000000
__Hcomram                                 comram       000000
__Hconfig                                 config       30000E
__Hconst                                  const        000000
__HcstackCOMRAM                           cstackCOMRAM 000000
__Hdata                                   data         000000
__HdataCOMRAM                             dataCOMRAM   000000
__Heeprom_data                            eeprom_data  000000
__Hfarbss                                 farbss       000000
__Hfardata                                fardata      000000
__Hheap                                   heap         000000
__Hibigdata                               ibigdata     000000
__Hidata                                  idata        000000
__HidataCOMRAM                            idataCOMRAM  000000
__Hidloc                                  idloc        000000
__Hifardata                               ifardata     000000
__Hinit                                   init         000004
__Hintcode                                intcode      000000
__Hintcode_body                           intcode_body 000000
__Hintcodelo                              intcodelo    000000
__Hintentry                               intentry     000000
__Hintret                                 intret       000000
__Hintsave_regs                           intsave_regs 000000
__Hirdata                                 irdata       000000
__Hmediumconst                            mediumconst  000000
__HnvCOMRAM                               nvCOMRAM     000000
__HnvFARRAM                               nvFARRAM     000000
__Hnvbit                                  nvbit        000000
__Hnvrram                                 nvrram       000000
__Hparam                                  rparam       000000
__Hpowerup                                powerup      000000
__Hram                                    ram          000000
__Hramtop                                 ramtop       001000
__Hrbit                                   rbit         000000
__Hrbss                                   rbss         000000
__Hrdata                                  rdata        000000
__Hreset_vec                              reset_vec    000000
__Hrparam                                 rparam       000000
__Hsfr                                    sfr          000000
__Hsmallconst                             smallconst   001012
__Hspace_0                                (abs)        001CE4
__Hspace_1                                (abs)        000062
__Hspace_2                                (abs)        000000
__Hspace_4                                (abs)        60000E
__Hstack                                  stack        000000
__Hstruct                                 struct       000000
__Htemp                                   temp         000000
__Htext                                   text         000000
__Htext0                                  text0        000000
__Htext1                                  text1        000000
__Htext10                                 text10       000000
__Htext11                                 text11       000000
__Htext2                                  text2        000000
__Htext3                                  text3        000000
__Htext4                                  text4        000000
__Htext5                                  text5        000000
__Htext6                                  text6        000000
__Htext7                                  text7        000000
__Htext8                                  text8        000000
__Htext9                                  text9        000000
__LRAM                                    (abs)        000001
__L__absolute__                           __absolute__ 000000
__Labs1                                   abs1         000000
__Lbank0                                  bank0        000000
__Lbank1                                  bank1        000000
__Lbank10                                 bank10       000000
__Lbank11                                 bank11       000000
__Lbank12                                 bank12       000000
__Lbank13                                 bank13       000000
__Lbank14                                 bank14       000000
__Lbank15                                 bank15       000000
__Lbank2                                  bank2        000000
__Lbank3                                  bank3        000000
__Lbank4                                  bank4        000000
__Lbank5                                  bank5        000000
__Lbank6                                  bank6        000000
__Lbank7                                  bank7        000000
__Lbank8                                  bank8        000000
__Lbank9                                  bank9        000000
__Lbigbss                                 bigbss       000000
__Lbigdata                                bigdata      000000
__Lbigram                                 bigram       000000
__Lbigsfr                                 bigsfr       000000
__Lbss                                    bss          000000
__LbssCOMRAM                              bssCOMRAM    000000
__Lcinit                                  cinit        000000
__Lclrtext                                clrtext      000000
__Lcomram                                 comram       000000
__Lconfig                                 config       000000
__Lconst                                  const        000000
__LcstackCOMRAM                           cstackCOMRAM 000000
__Ldata                                   data         000000
__LdataCOMRAM                             dataCOMRAM   000000
__Leeprom_data                            eeprom_data  000000
__Lfarbss                                 farbss       000000
__Lfardata                                fardata      000000
__Lheap                                   heap         000000
__Libigdata                               ibigdata     000000
__Lidata                                  idata        000000
__LidataCOMRAM                            idataCOMRAM  000000
__Lidloc                                  idloc        000000
__Lifardata                               ifardata     000000
__Linit                                   init         000000
__Lintcode                                intcode      000000
__Lintcode_body                           intcode_body 000000
__Lintcodelo                              intcodelo    000000
__Lintentry                               intentry     000000
__Lintret                                 intret       000000
__Lintsave_regs                           intsave_regs 000000
__Lirdata                                 irdata       000000
__Lmediumconst                            mediumconst  000000
__LnvCOMRAM                               nvCOMRAM     000000
__LnvFARRAM                               nvFARRAM     000000
__Lnvbit                                  nvbit        000000
__Lnvrram                                 nvrram       000000
__Lparam                                  rparam       000000
__Lpowerup                                powerup      000000
__Lram                                    ram          000000
__Lramtop                                 ramtop       001000
__Lrbit                                   rbit         000000
__Lrbss                                   rbss         000000
__Lrdata                                  rdata        000000
__Lreset_vec                              reset_vec    000000
__Lrparam                                 rparam       000000
__Lsfr                                    sfr          000000
__Lsmallconst                             smallconst   001000
__Lspace_0                                (abs)        000000
__Lspace_1                                (abs)        000000
__Lspace_2                                (abs)        000000
__Lspace_4                                (abs)        000000
__Lstack                                  stack        000000
__Lstruct                                 struct       000000
__Ltemp                                   temp         000000
__Ltext                                   text         000000
__Ltext0                                  text0        000000
__Ltext1                                  text1        000000
__Ltext10                                 text10       000000
__Ltext11                                 text11       000000
__Ltext2                                  text2        000000
__Ltext3                                  text3        000000
__Ltext4                                  text4        000000
__Ltext5                                  text5        000000
__Ltext6                                  text6        000000
__Ltext7                                  text7        000000
__Ltext8                                  text8        000000
__Ltext9                                  text9        000000
__S0                                      (abs)        001CE4
__S1                                      (abs)        000062
__S4                                      (abs)        000000
__S5                                      (abs)        000000
___awdiv                                  text9        0017F4
___awdiv@counter                          cstackCOMRAM 000054
___awdiv@dividend                         cstackCOMRAM 000050
___awdiv@divisor                          cstackCOMRAM 000052
___awdiv@quotient                         cstackCOMRAM 000056
___awdiv@sign                             cstackCOMRAM 000055
___awmod                                  text8        00196A
___awmod@counter                          cstackCOMRAM 000054
___awmod@dividend                         cstackCOMRAM 000050
___awmod@divisor                          cstackCOMRAM 000052
___awmod@sign                             cstackCOMRAM 000055
___heap_hi                                (abs)        000000
___heap_lo                                (abs)        000000
___inthi_sp                               stack        000000
___inthi_stack_hi                         stack        000000
___inthi_stack_lo                         stack        000000
___intlo_sp                               stack        000000
___intlo_stack_hi                         stack        000000
___intlo_stack_lo                         stack        000000
___param_bank                             (abs)        000000
___rparam_used                            (abs)        000001
___sp                                     stack        000000
___stack_hi                               stack        000000
___stack_lo                               stack        000000
__accesstop                               (abs)        000080
__activetblptr                            (abs)        000002
__end_of_Button_initialize                text6        001CE4
__end_of_Button_read                      text10       00196A
__end_of___awdiv                          text9        0018B8
__end_of___awmod                          text8        001A1A
__end_of__initialization                  cinit        001CB2
__end_of_application_initialize           text2        001B3C
__end_of_gpio_pin_direction_initialize    text7        0016E4
__end_of_gpio_pin_initialize              text4        001C02
__end_of_gpio_pin_read_logic              text11       001AC2
__end_of_gpio_pin_write_logic             text5        0017F4
__end_of_keypad_values                    smallconst   001011
__end_of_main                             text0        0015C4
__end_of_segment_inititalize              text3        001C4E
__end_of_segment_write_number             text1        001BB2
__initialization                          cinit        001C86
__mediumconst                             mediumconst  000000
__pbssCOMRAM                              bssCOMRAM    000039
__pcinit                                  cinit        001C86
__pcstackCOMRAM                           cstackCOMRAM 000050
__pdataCOMRAM                             dataCOMRAM   000001
__pidataCOMRAM                            idataCOMRAM  001C4E
__pnvCOMRAM                               nvCOMRAM     000061
__psmallconst                             smallconst   001000
__ptext0                                  text0        001012
__ptext1                                  text1        001B3C
__ptext10                                 text10       0018B8
__ptext11                                 text11       001A1A
__ptext2                                  text2        001AC2
__ptext3                                  text3        001C02
__ptext4                                  text4        001BB2
__ptext5                                  text5        0016E4
__ptext6                                  text6        001CBC
__ptext7                                  text7        0015C4
__ptext8                                  text8        00196A
__ptext9                                  text9        0017F4
__ramtop                                  ramtop       001000
__smallconst                              smallconst   001000
_application_initialize                   text2        001AC2
_control_1                                dataCOMRAM   000038
_control_2                                dataCOMRAM   000037
_control_3                                dataCOMRAM   000036
_control_4                                dataCOMRAM   000035
_control_5                                dataCOMRAM   000034
_control_6                                dataCOMRAM   000033
_gpio_pin_direction_initialize            text7        0015C4
_gpio_pin_initialize                      text4        001BB2
_gpio_pin_read_logic                      text11       001A1A
_gpio_pin_write_logic                     text5        0016E4
_hours                                    bssCOMRAM    000039
_keypad_values                            smallconst   001001
_lat_registers                            dataCOMRAM   00000B
_main                                     text0        001012
_minutes                                  bssCOMRAM    00003A
_pause                                    dataCOMRAM   000027
_pause_state                              bssCOMRAM    00004C
_port_registers                           dataCOMRAM   000001
_reset                                    dataCOMRAM   000024
_reset_state                              bssCOMRAM    00004D
_ret                                      nvCOMRAM     000061
_seconds                                  bssCOMRAM    00003B
_seg                                      dataCOMRAM   00001F
_segment_inititalize                      text3        001C02
_segment_write_number                     text1        001B3C
_speed_state                              bssCOMRAM    00004B
_speed_up                                 dataCOMRAM   00002A
_start                                    dataCOMRAM   000030
_start_state                              bssCOMRAM    00004F
_stop                                     dataCOMRAM   00002D
_stop_state                               bssCOMRAM    00004E
_tris_registers                           dataCOMRAM   000015
application_initialize@ret                cstackCOMRAM 00005C
dc_motor_intitialize@F2893                bssCOMRAM    00004A
dc_motor_intitialize@F2895                bssCOMRAM    000049
dc_motor_move_left@F2907                  bssCOMRAM    000046
dc_motor_move_left@F2909                  bssCOMRAM    000045
dc_motor_move_right@F2900                 bssCOMRAM    000048
dc_motor_move_right@F2902                 bssCOMRAM    000047
dc_motor_stop@F2914                       bssCOMRAM    000044
dc_motor_stop@F2916                       bssCOMRAM    000043
end_of_initialization                     cinit        001CB2
gpio_pin_direction_initialize@_pin_config cstackCOMRAM 000050
gpio_pin_initialize@_pin_config           cstackCOMRAM 000058
gpio_pin_read_logic@_pin_config           cstackCOMRAM 000050
gpio_pin_read_logic@logic                 cstackCOMRAM 000051
gpio_pin_read_logic@ret                   cstackCOMRAM 000057
gpio_pin_write_logic@_pin_config          cstackCOMRAM 000050
gpio_pin_write_logic@logic                cstackCOMRAM 000051
gpio_pin_write_logic@ret                  cstackCOMRAM 000057
intlevel0                                 text         000000
intlevel1                                 text         000000
intlevel2                                 text         000000
intlevel3                                 text         000000
isa$std                                   (abs)        000001
isa$xinst                                 (abs)        000000
led_initialize@F2894                      bssCOMRAM    000042
led_toggle@F2909                          bssCOMRAM    00003F
led_turn_off@F2904                        bssCOMRAM    000040
led_turn_on@F2899                         bssCOMRAM    000041
main@counter                              cstackCOMRAM 00005E
main@delay_time                           cstackCOMRAM 000060
main@start_flag                           cstackCOMRAM 00005F
segment_inititalize@ret                   cstackCOMRAM 00005B
segment_inititalize@seg                   cstackCOMRAM 00005A
segment_write_number@number               cstackCOMRAM 000059
segment_write_number@ret                  cstackCOMRAM 00005A
segment_write_number@seg                  cstackCOMRAM 000058
stackhi                                   (abs)        000000
stacklo                                   (abs)        000000
start                                     init         000000
start_initialization                      cinit        001C86


MODULE INFORMATION

Module		Function		Class		Link	Load	Size
MCAL_layer/GPIO/hal_gpio.c
		_gpio_pin_write_logic		CODE           	16E4	0000	272
		_gpio_pin_read_logic		CODE           	1A1A	0000	168
		_gpio_pin_direction_initialize		CODE           	15C4	0000	288
		_gpio_pin_initialize		CODE           	1BB2	0000	80

MCAL_layer/GPIO/hal_gpio.c estimated size: 808

ECU_layer/7_segment/segment.c
		_segment_inititalize		CODE           	1C02	0000	76
		_segment_write_number		CODE           	1B3C	0000	118

ECU_layer/7_segment/segment.c estimated size: 194

C:\Program Files\Microchip\xc8\v2.45\pic\sources\c99\common\awmod.c
		___awmod       		CODE           	196A	0000	176

C:\Program Files\Microchip\xc8\v2.45\pic\sources\c99\common\awmod.c estimated size: 176

shared
		__initialization		CODE           	1C86	0000	44
		_keypad_values 		SMALLCONST     	1001	0000	16

shared estimated size: 60

ECU_layer/Button/Button.c
		_Button_read   		CODE           	18B8	0000	178
		_Button_initialize		CODE           	1CBC	0000	40

ECU_layer/Button/Button.c estimated size: 218

application.c
		_application_initialize		CODE           	1AC2	0000	122
		_main          		CODE           	1012	0000	1458

application.c estimated size: 1580

C:\Program Files\Microchip\xc8\v2.45\pic\sources\c99\common\awdiv.c
		___awdiv       		CODE           	17F4	0000	196

C:\Program Files\Microchip\xc8\v2.45\pic\sources\c99\common\awdiv.c estimated size: 196

